---
source: crates/puffin-cli/tests/pip_compile.rs
info:
  program: puffin
  args:
    - pip-compile
    - pyproject.toml
    - "--cache-dir"
    - /var/folders/bc/qlsk3t6x7c9fhhbvvcg68k9c0000gp/T/.tmpHT5k4n
  env:
    VIRTUAL_ENV: /var/folders/bc/qlsk3t6x7c9fhhbvvcg68k9c0000gp/T/.tmpS0cCaw/.venv
---
success: false
exit_code: 2
----- stdout -----

----- stderr -----
error: Conflicting versions for package `django`: ==3.0 is incompatible with >5.0

