---
source: crates/puffin-cli/tests/pip_compile.rs
info:
  program: puffin
  args:
    - pip-compile
    - requirements.in
    - "--cache-dir"
    - /var/folders/bc/qlsk3t6x7c9fhhbvvcg68k9c0000gp/T/.tmpmkb9tv
  env:
    VIRTUAL_ENV: /var/folders/bc/qlsk3t6x7c9fhhbvvcg68k9c0000gp/T/.tmpO0ihlM/.venv
---
success: true
exit_code: 0
----- stdout -----
# This file was autogenerated by Puffin v0.0.1 via the following command:
#    [BIN_PATH] pip-compile requirements.in --cache-dir [CACHE_DIR]
sqlparse==0.4.3

----- stderr -----
Resolved 1 package in [TIME]

